../Core/Src/ILI9486Lib.c:192:6:ILI_SendCommand	16	static
../Core/Src/ILI9486Lib.c:198:6:ILI_SendParam	16	static
../Core/Src/ILI9486Lib.c:204:6:ILI_Init	8	static
../Core/Src/ILI9486Lib.c:244:6:ILI_DrawPixel	24	static
../Core/Src/ILI9486Lib.c:266:6:ILI_CLS	40	static,ignoring_inline_asm
../Core/Src/ILI9486Lib.c:317:6:ILI_WriteChar	32	static
../Core/Src/ILI9486Lib.c:360:6:ILI_WriteBigChar	32	static
../Core/Src/ILI9486Lib.c:403:6:ILI_WriteString	48	static,ignoring_inline_asm
../Core/Src/ILI9486Lib.c:434:6:ILI_WriteBigString	48	static,ignoring_inline_asm
../Core/Src/ILI9486Lib.c:465:6:ILI_Invert	8	static
../Core/Src/ILI9486Lib.c:479:6:ILI_DrawPicture	56	static,ignoring_inline_asm
../Core/Src/ILI9486Lib.c:512:6:ILI_DrawBlackSector	56	static,ignoring_inline_asm
../Core/Src/ILI9486Lib.c:575:6:ILI_DrawWhiteSector	56	static,ignoring_inline_asm
../Core/Src/ILI9486Lib.c:638:6:ILI_DrawBattery	24	static,ignoring_inline_asm
../Core/Src/ILI9486Lib.c:651:6:ILI_DrawInnerBattery	24	static,ignoring_inline_asm
../Core/Src/ILI9486Lib.c:743:6:ILI_SmallCLS	8	static
../Core/Src/ILI9486Lib.c:748:6:ILI_Intro	24	static
../Core/Src/ILI9486Lib.c:766:6:ILI_LEDOFF	8	static
../Core/Src/ILI9486Lib.c:771:6:ILI_LEDON	8	static
