../Core/Src/main.c:100:6:buzzer	8	static
../Core/Src/main.c:107:6:Set_Pin_HiZ	40	static
../Core/Src/main.c:116:6:Set_Pin_Low	40	static
../Core/Src/main.c:129:6:sendList	120	static
../Core/Src/main.c:162:7:getBatteryVoltage	16	static
../Core/Src/main.c:197:6:uart_test	40	static
../Core/Src/main.c:215:6:PN532_IRQ_Teacher_Handler	80	static
../Core/Src/main.c:253:6:PN532_IRQ_Student_Handler	152	static
../Core/Src/main.c:318:6:HAL_GPIO_EXTI_Callback	32	static
../Core/Src/main.c:357:6:HAL_RTCEx_WakeUpTimerEventCallback	64	static
../Core/Src/main.c:369:6:bytes_to_hex_string	32	static
../Core/Src/main.c:382:5:main	192	static
../Core/Src/main.c:608:6:SystemClock_Config	96	static
../Core/Src/main.c:663:13:MX_ADC1_Init	32	static
../Core/Src/main.c:721:13:MX_RTC_Init	32	static
../Core/Src/main.c:785:13:MX_SPI1_Init	8	static
../Core/Src/main.c:825:13:MX_SPI2_Init	8	static
../Core/Src/main.c:865:13:MX_TIM1_Init	96	static
../Core/Src/main.c:935:13:MX_USART1_UART_Init	8	static
../Core/Src/main.c:970:13:MX_GPIO_Init	48	static
../Core/Src/main.c:1062:6:Error_Handler	4	static,ignoring_inline_asm
